1,2,3,4
5,6,7,8
9,14,10,12
13,11,15,
